{
    "anchor": {
        "dataHash": "0000000000000000000000000000000000000000000000000000000000000000",
        "url": ""
    }
}
