{
    "contents": {
        "contents": {
            "contents": {
                "era": "ShelleyBasedEraConway",
                "error": [
                    "ConwayUtxowFailure (UtxoFailure (BadInputsUTxO (fromList [TxIn (TxId {unTxId = SafeHash \"xxxxxxxxxxxxxxxxxxxxxxxxxxxxxxxxxxxxxxxxxxxxxxxxxxxxxxxxxxxxxxxx\"}) (TxIx {unTxIx = 0})])))",
                    "ConwayUtxowFailure (UtxoFailure (ValueNotConservedUTxO (Mismatch {mismatchSupplied = MaryValue (Coin 0) (MultiAsset (fromList [])), mismatchExpected = MaryValue (Coin 15000003000000) (MultiAsset (fromList []))})))"
                ],
                "kind": "ShelleyTxValidationError"
            },
            "tag": "TxValidationErrorInCardanoMode"
        },
        "tag": "TxCmdTxSubmitValidationError"
    },
    "tag": "TxSubmitFail"
}